Dcoetzee-20110429-cmf/wav/b0221 Dcoetzee Dcoetzee
Dcoetzee-20110429-cmf/wav/b0222 Dcoetzee Dcoetzee
Dcoetzee-20110429-cmf/wav/b0223 Dcoetzee Dcoetzee
Dcoetzee-20110429-cmf/wav/b0224 Dcoetzee Dcoetzee
Dcoetzee-20110429-cmf/wav/b0225 Dcoetzee Dcoetzee
Dcoetzee-20110429-cmf/wav/b0226 Dcoetzee Dcoetzee
Dcoetzee-20110429-cmf/wav/b0227 Dcoetzee Dcoetzee
Dcoetzee-20110429-cmf/wav/b0228 Dcoetzee Dcoetzee
Dcoetzee-20110429-cmf/wav/b0229 Dcoetzee Dcoetzee
Dcoetzee-20110429-cmf/wav/b0230 Dcoetzee Dcoetzee
polerizer-20091231-upo/wav/b0357 polerizer polerizer
polerizer-20091231-upo/wav/b0358 polerizer polerizer
polerizer-20091231-upo/wav/b0359 polerizer polerizer
polerizer-20091231-upo/wav/b0360 polerizer polerizer
polerizer-20091231-upo/wav/b0361 polerizer polerizer
polerizer-20091231-upo/wav/b0362 polerizer polerizer
polerizer-20091231-upo/wav/b0363 polerizer polerizer
polerizer-20091231-upo/wav/b0364 polerizer polerizer
polerizer-20091231-upo/wav/b0365 polerizer polerizer
polerizer-20091231-upo/wav/b0366 polerizer polerizer
